// Jest Snapshot v1, https://goo.gl/fbAQLP

exports[`index.js adds 1 + 2 to equal 3 1`] = `3`;

exports[`index.js expect to mock axios request 1`] = `
"otcetihcra teineve mer tnus metua tse murer murtson
matot sauq tu tu eaitselom tiredneherper
muc te atidepxe rutnuuqesnoc eadnasucer tipicsus
tipicsus te aiuq"
`;
